// Jest Snapshot v1, https://goo.gl/fbAQLP

exports[`GET /books responds with an array of genres 1`] = `
[
  "travel",
  "mystery",
  "historical fiction",
  "sequential art",
  "classics",
  "philosophy",
  "romance",
  "womens fiction",
  "fiction",
  "childrens",
  "religion",
  "nonfiction",
  "music",
  "default",
  "science fiction",
  "sports and games",
  "add a comment",
  "fantasy",
  "new adult",
  "young adult",
  "science",
  "poetry",
  "paranormal",
  "art",
  "psychology",
  "autobiography",
  "parenting",
  "adult fiction",
  "humor",
  "horror",
  "history",
  "food and drink",
  "christian fiction",
  "business",
  "biography",
  "thriller",
  "contemporary",
  "spirituality",
  "academic",
  "self help",
  "historical",
  "christian",
  "suspense",
  "short stories",
  "novels",
  "health",
  "politics",
  "cultural",
  "erotica",
  "crime",
]
`;
